<?xml version="1.0"?>
<testsuite name="NativeScript / 36 (16; sdk_gphone64_x86_64)" package="nativescript-course-project" timestamp="2026-08-30T01:41:08" id="0" hostname="SSB10142" tests="3" errors="0" failures="0" time="0.002">
  <properties>
    <property name="browser.fullName" value="NativeScript / 36 (16; sdk_gphone64_x86_64)"/>
  </properties>
  <testcase name="readNowReducer should add a book when readNow is dispatched" time="0.002" classname=".readNowReducer"/>
  <testcase name="readNowReducer should not add the same book twice" time="0" classname=".readNowReducer"/>
  <testcase name="readNowReducer should start with an empty state" time="0" classname=".readNowReducer"/>
  <system-out>
    <![CDATA[
]]>
  </system-out>
  <system-err/>
</testsuite>